pyinstaller.exe : 121 INFO: PyInstaller: 6.20.0, contrib hooks: 2026.5
At C:\Users\MohamedAshmar\playground\User-tracking-tool\build-all.ps1:96 char:20
+             $out = & $PyInstaller --noconfirm $SpecFile 2>&1
+                    ~~~~~~~~~~~~~~~~~~~~~~~~~~~~~~~~~~~~~~~~~
    + CategoryInfo          : NotSpecified: (121 INFO: PyIns...b hooks: 2026.5:String) [], RemoteException
    + FullyQualifiedErrorId : NativeCommandError
 
122 INFO: Python: 3.14.5
153 INFO: Platform: Windows-11-10.0.26200-SP0
153 INFO: Python environment: C:\Users\MohamedAshmar\playground\User-tracking-tool\user-track
156 INFO: Module search paths (PYTHONPATH):
['C:\\Users\\MohamedAshmar\\playground\\User-tracking-tool\\user-track\\Scripts\\pyinstaller.exe',
 'C:\\Users\\MohamedAshmar\\AppData\\Local\\Python\\pythoncore-3.14-64\\python314.zip',
 'C:\\Users\\MohamedAshmar\\AppData\\Local\\Python\\pythoncore-3.14-64\\DLLs',
 'C:\\Users\\MohamedAshmar\\AppData\\Local\\Python\\pythoncore-3.14-64\\Lib',
 'C:\\Users\\MohamedAshmar\\AppData\\Local\\Python\\pythoncore-3.14-64',
 'C:\\Users\\MohamedAshmar\\playground\\User-tracking-tool\\user-track',
 'C:\\Users\\MohamedAshmar\\playground\\User-tracking-tool\\user-track\\Lib\\site-packages',
 'C:\\Users\\MohamedAshmar\\playground\\User-tracking-tool\\user-track\\Lib\\site-packages\\win32',
 'C:\\Users\\MohamedAshmar\\playground\\User-tracking-tool\\user-track\\Lib\\site-packages\\win32\\lib',
 'C:\\Users\\MohamedAshmar\\playground\\User-tracking-tool\\user-track\\Lib\\site-packages\\Pythonwin',
 'C:\\Users\\MohamedAshmar\\playground\\User-tracking-tool']
536 INFO: Appending 'datas' from .spec
536 INFO: checking Analysis
536 INFO: Building Analysis because Analysis-00.toc is non existent
536 INFO: Looking for Python shared library...
536 INFO: Using Python shared library: C:\Users\MohamedAshmar\AppData\Local\Python\pythoncore-3.14-64\python314.dll
536 INFO: Running Analysis Analysis-00.toc
536 INFO: Target bytecode optimization level: 0
536 INFO: Initializing module dependency graph...
537 INFO: Initializing module graph hook caches...
545 INFO: Analyzing modules for base_library.zip ...
2390 INFO: Processing standard module hook 'hook-encodings.py' from 
'C:\\Users\\MohamedAshmar\\playground\\User-tracking-tool\\user-track\\Lib\\site-packages\\PyInstaller\\hooks'
2884 INFO: Processing standard module hook 'hook-pickle.py' from 
'C:\\Users\\MohamedAshmar\\playground\\User-tracking-tool\\user-track\\Lib\\site-packages\\PyInstaller\\hooks'
4390 INFO: Processing standard module hook 'hook-difflib.py' from 
'C:\\Users\\MohamedAshmar\\playground\\User-tracking-tool\\user-track\\Lib\\site-packages\\PyInstaller\\hooks'
4398 INFO: Processing standard module hook 'hook-heapq.py' from 
'C:\\Users\\MohamedAshmar\\playground\\User-tracking-tool\\user-track\\Lib\\site-packages\\PyInstaller\\hooks'
4731 INFO: Caching module dependency graph...
4751 INFO: Analyzing C:\Users\MohamedAshmar\playground\User-tracking-tool\telemetry_ui.py
4852 INFO: Processing pre-find-module-path hook 'hook-tkinter.py' from 
'C:\\Users\\MohamedAshmar\\playground\\User-tracking-tool\\user-track\\Lib\\site-packages\\PyInstaller\\hooks\\pre_find_module_path'
4856 INFO: TclTkInfo: initializing cached Tcl/Tk info...
5396 INFO: Processing standard module hook 'hook-_tkinter.py' from 
'C:\\Users\\MohamedAshmar\\playground\\User-tracking-tool\\user-track\\Lib\\site-packages\\PyInstaller\\hooks'
5475 INFO: Processing standard module hook 'hook-multiprocessing.util.py' from 
'C:\\Users\\MohamedAshmar\\playground\\User-tracking-tool\\user-track\\Lib\\site-packages\\PyInstaller\\hooks'
5542 INFO: Processing standard module hook 'hook-xml.py' from 
'C:\\Users\\MohamedAshmar\\playground\\User-tracking-tool\\user-track\\Lib\\site-packages\\PyInstaller\\hooks'
5739 INFO: Processing standard module hook 'hook-sysconfig.py' from 
'C:\\Users\\MohamedAshmar\\playground\\User-tracking-tool\\user-track\\Lib\\site-packages\\PyInstaller\\hooks'
5742 INFO: Processing standard module hook 'hook-_ctypes.py' from 
'C:\\Users\\MohamedAshmar\\playground\\User-tracking-tool\\user-track\\Lib\\site-packages\\PyInstaller\\hooks'
5826 INFO: Processing standard module hook 'hook-pystray.py' from 
'C:\\Users\\MohamedAshmar\\playground\\User-tracking-tool\\user-track\\Lib\\site-packages\\_pyinstaller_hooks_contrib\\stdhooks'
6401 INFO: Processing pre-safe-import-module hook 'hook-six.moves.py' from 
'C:\\Users\\MohamedAshmar\\playground\\User-tracking-tool\\user-track\\Lib\\site-packages\\PyInstaller\\hooks\\pre_safe_import_module'
6503 INFO: Processing pre-safe-import-module hook 'hook-gi.py' from 
'C:\\Users\\MohamedAshmar\\playground\\User-tracking-tool\\user-track\\Lib\\site-packages\\PyInstaller\\hooks\\pre_safe_import_module'
C:\Users\MohamedAshmar\playground\User-tracking-tool\user-track\Lib\site-packages\pystray\_util\gtk.py:53: SyntaxWarning: 'return' in a 
'finally' block
  return False
6564 INFO: Processing standard module hook 'hook-PIL.py' from 
'C:\\Users\\MohamedAshmar\\playground\\User-tracking-tool\\user-track\\Lib\\site-packages\\PyInstaller\\hooks'
6704 INFO: Processing standard module hook 'hook-urllib3.py' from 
'C:\\Users\\MohamedAshmar\\playground\\User-tracking-tool\\user-track\\Lib\\site-packages\\_pyinstaller_hooks_contrib\\stdhooks'
6785 INFO: Processing pre-safe-import-module hook 'hook-backports.py' from 
'C:\\Users\\MohamedAshmar\\playground\\User-tracking-tool\\user-track\\Lib\\site-packages\\PyInstaller\\hooks\\pre_safe_import_module'
6787 INFO: SetuptoolsInfo: initializing cached setuptools info...
7368 INFO: Setuptools: 'backports' appears to be a full setuptools-vendored copy - creating alias to 'setuptools._vendor.backports'!
7373 INFO: Processing standard module hook 'hook-setuptools.py' from 
'C:\\Users\\MohamedAshmar\\playground\\User-tracking-tool\\user-track\\Lib\\site-packages\\PyInstaller\\hooks'
7406 INFO: Processing standard module hook 'hook-platform.py' from 
'C:\\Users\\MohamedAshmar\\playground\\User-tracking-tool\\user-track\\Lib\\site-packages\\PyInstaller\\hooks'
7408 INFO: Processing pre-safe-import-module hook 'hook-distutils.py' from 
'C:\\Users\\MohamedAshmar\\playground\\User-tracking-tool\\user-track\\Lib\\site-packages\\PyInstaller\\hooks\\pre_safe_import_module'
7431 INFO: Processing pre-safe-import-module hook 'hook-jaraco.py' from 
'C:\\Users\\MohamedAshmar\\playground\\User-tracking-tool\\user-track\\Lib\\site-packages\\PyInstaller\\hooks\\pre_safe_import_module'
7432 INFO: Setuptools: 'jaraco' appears to be a full setuptools-vendored copy - creating alias to 'setuptools._vendor.jaraco'!
7439 INFO: Processing pre-safe-import-module hook 'hook-more_itertools.py' from 
'C:\\Users\\MohamedAshmar\\playground\\User-tracking-tool\\user-track\\Lib\\site-packages\\PyInstaller\\hooks\\pre_safe_import_module'
7440 INFO: Setuptools: 'more_itertools' appears to be a setuptools-vendored copy - creating alias to 'setuptools._vendor.more_itertools'!
7540 INFO: Processing pre-safe-import-module hook 'hook-typing_extensions.py' from 
'C:\\Users\\MohamedAshmar\\playground\\User-tracking-tool\\user-track\\Lib\\site-packages\\PyInstaller\\hooks\\pre_safe_import_module'
8007 INFO: Processing pre-safe-import-module hook 'hook-packaging.py' from 
'C:\\Users\\MohamedAshmar\\playground\\User-tracking-tool\\user-track\\Lib\\site-packages\\PyInstaller\\hooks\\pre_safe_import_module'
8176 INFO: Processing standard module hook 'hook-setuptools._vendor.jaraco.text.py' from 
'C:\\Users\\MohamedAshmar\\playground\\User-tracking-tool\\user-track\\Lib\\site-packages\\PyInstaller\\hooks'
8178 INFO: Processing pre-safe-import-module hook 'hook-importlib_resources.py' from 
'C:\\Users\\MohamedAshmar\\playground\\User-tracking-tool\\user-track\\Lib\\site-packages\\PyInstaller\\hooks\\pre_safe_import_module'
8314 INFO: Processing pre-safe-import-module hook 'hook-importlib_metadata.py' from 
'C:\\Users\\MohamedAshmar\\playground\\User-tracking-tool\\user-track\\Lib\\site-packages\\PyInstaller\\hooks\\pre_safe_import_module'
8315 INFO: Setuptools: 'importlib_metadata' appears to be a setuptools-vendored copy - creating alias to 
'setuptools._vendor.importlib_metadata'!
8337 INFO: Processing standard module hook 'hook-setuptools._vendor.importlib_metadata.py' from 
'C:\\Users\\MohamedAshmar\\playground\\User-tracking-tool\\user-track\\Lib\\site-packages\\PyInstaller\\hooks'
8354 INFO: Processing pre-safe-import-module hook 'hook-zipp.py' from 
'C:\\Users\\MohamedAshmar\\playground\\User-tracking-tool\\user-track\\Lib\\site-packages\\PyInstaller\\hooks\\pre_safe_import_module'
8355 INFO: Setuptools: 'zipp' appears to be a setuptools-vendored copy - creating alias to 'setuptools._vendor.zipp'!
8550 INFO: Processing pre-safe-import-module hook 'hook-tomli.py' from 
'C:\\Users\\MohamedAshmar\\playground\\User-tracking-tool\\user-track\\Lib\\site-packages\\PyInstaller\\hooks\\pre_safe_import_module'
8550 INFO: Setuptools: 'tomli' appears to be a setuptools-vendored copy - creating alias to 'setuptools._vendor.tomli'!
8949 INFO: Processing pre-safe-import-module hook 'hook-wheel.py' from 
'C:\\Users\\MohamedAshmar\\playground\\User-tracking-tool\\user-track\\Lib\\site-packages\\PyInstaller\\hooks\\pre_safe_import_module'
8949 INFO: Setuptools: 'wheel' appears to be a setuptools-vendored copy - creating alias to 'setuptools._vendor.wheel'!
9378 INFO: Processing standard module hook 'hook-certifi.py' from 
'C:\\Users\\MohamedAshmar\\playground\\User-tracking-tool\\user-track\\Lib\\site-packages\\_pyinstaller_hooks_contrib\\stdhooks'
9410 INFO: Processing standard module hook 'hook-charset_normalizer.py' from 
'C:\\Users\\MohamedAshmar\\playground\\User-tracking-tool\\user-track\\Lib\\site-packages\\_pyinstaller_hooks_contrib\\stdhooks'
9519 INFO: Processing standard module hook 'hook-cryptography.py' from 
'C:\\Users\\MohamedAshmar\\playground\\User-tracking-tool\\user-track\\Lib\\site-packages\\_pyinstaller_hooks_contrib\\stdhooks'
10617 INFO: hook-cryptography: cryptography does not seem to be using dynamically linked OpenSSL.
10886 INFO: Processing standard module hook 'hook-bcrypt.py' from 
'C:\\Users\\MohamedAshmar\\playground\\User-tracking-tool\\user-track\\Lib\\site-packages\\_pyinstaller_hooks_contrib\\stdhooks'
11043 INFO: Processing standard module hook 'hook-PIL.Image.py' from 
'C:\\Users\\MohamedAshmar\\playground\\User-tracking-tool\\user-track\\Lib\\site-packages\\PyInstaller\\hooks'
11862 INFO: Processing standard module hook 'hook-xml.etree.cElementTree.py' from 
'C:\\Users\\MohamedAshmar\\playground\\User-tracking-tool\\user-track\\Lib\\site-packages\\PyInstaller\\hooks'
12285 INFO: Processing standard module hook 'hook-PIL.ImageFilter.py' from 
'C:\\Users\\MohamedAshmar\\playground\\User-tracking-tool\\user-track\\Lib\\site-packages\\PyInstaller\\hooks'
13235 INFO: Analyzing hidden import 'PIL._tkinter_finder'
13268 INFO: Processing module hooks (post-graph stage)...
14515 INFO: Processing standard module hook 'hook-PIL.SpiderImagePlugin.py' from 
'C:\\Users\\MohamedAshmar\\playground\\User-tracking-tool\\user-track\\Lib\\site-packages\\PyInstaller\\hooks'
15449 INFO: Processing standard module hook 'hook-_tkinter.py' from 
'C:\\Users\\MohamedAshmar\\playground\\User-tracking-tool\\user-track\\Lib\\site-packages\\PyInstaller\\hooks'
15458 INFO: Performing binary vs. data reclassification (947 entries)
34657 INFO: Looking for ctypes DLLs
34695 INFO: Analyzing run-time hooks ...
34697 INFO: Including run-time hook 'pyi_rth_inspect.py' from 
'C:\\Users\\MohamedAshmar\\playground\\User-tracking-tool\\user-track\\Lib\\site-packages\\PyInstaller\\hooks\\rthooks'
34699 INFO: Including run-time hook 'pyi_rth_setuptools.py' from 
'C:\\Users\\MohamedAshmar\\playground\\User-tracking-tool\\user-track\\Lib\\site-packages\\PyInstaller\\hooks\\rthooks'
34700 INFO: Including run-time hook 'pyi_rth_pkgutil.py' from 
'C:\\Users\\MohamedAshmar\\playground\\User-tracking-tool\\user-track\\Lib\\site-packages\\PyInstaller\\hooks\\rthooks'
34702 INFO: Including run-time hook 'pyi_rth_cryptography_openssl.py' from 
'C:\\Users\\MohamedAshmar\\playground\\User-tracking-tool\\user-track\\Lib\\site-packages\\_pyinstaller_hooks_contrib\\rthooks'
34703 INFO: Including run-time hook 'pyi_rth_multiprocessing.py' from 
'C:\\Users\\MohamedAshmar\\playground\\User-tracking-tool\\user-track\\Lib\\site-packages\\PyInstaller\\hooks\\rthooks'
34704 INFO: Including run-time hook 'pyi_rth__tkinter.py' from 
'C:\\Users\\MohamedAshmar\\playground\\User-tracking-tool\\user-track\\Lib\\site-packages\\PyInstaller\\hooks\\rthooks'
34749 INFO: Creating base_library.zip...
34762 INFO: Looking for dynamic libraries
35429 INFO: Extra DLL search directories (AddDllDirectory): []
35429 INFO: Extra DLL search directories (PATH): []
35949 INFO: Warnings written to C:\Users\MohamedAshmar\playground\User-tracking-tool\build\telemetry_ui\warn-telemetry_ui.txt
35986 INFO: Graph cross-reference written to C:\Users\MohamedAshmar\playground\User-tracking-tool\build\telemetry_ui\xref-telemetry_ui.html
36024 INFO: checking PYZ
36024 INFO: Building PYZ because PYZ-00.toc is non existent
36024 INFO: Building PYZ (ZlibArchive) C:\Users\MohamedAshmar\playground\User-tracking-tool\build\telemetry_ui\PYZ-00.pyz
36312 INFO: Building PYZ (ZlibArchive) C:\Users\MohamedAshmar\playground\User-tracking-tool\build\telemetry_ui\PYZ-00.pyz completed 
successfully.
36321 INFO: checking PKG
36321 INFO: Building PKG because PKG-00.toc is non existent
36321 INFO: Building PKG (CArchive) telemetry_ui.pkg
36384 INFO: Building PKG (CArchive) telemetry_ui.pkg completed successfully.
36385 INFO: Bootloader 
C:\Users\MohamedAshmar\playground\User-tracking-tool\user-track\Lib\site-packages\PyInstaller\bootloader\Windows-64bit-intel\runw.exe
36385 INFO: checking EXE
36385 INFO: Building EXE because EXE-00.toc is non existent
36385 INFO: Building EXE from EXE-00.toc
36385 INFO: Copying bootloader EXE to C:\Users\MohamedAshmar\playground\User-tracking-tool\build\telemetry_ui\telemetry_ui.exe
36395 INFO: Copying icon to EXE
36400 INFO: Copying 0 resources to EXE
36400 INFO: Embedding manifest in EXE
36405 INFO: Appending PKG archive to EXE
36465 INFO: Fixing EXE headers
37971 INFO: Building EXE from EXE-00.toc completed successfully.
37976 INFO: checking COLLECT
37976 INFO: Building COLLECT because COLLECT-00.toc is non existent
37976 INFO: Building COLLECT COLLECT-00.toc
39251 INFO: Building COLLECT COLLECT-00.toc completed successfully.
39262 INFO: Build complete! The results are available in: C:\Users\MohamedAshmar\playground\User-tracking-tool\dist
